C:\Users\Yasmine\anaconda3
\Scripts\conda.exe : 
2026-04-03 00:45:30,222 
[INFO] __main__: 
Chargement modules...
Au caractère Ligne:1 : 1
+ C:\Users\Yasmine\anacond
a3\Scripts\conda.exe run 
-n base python app.p ...
+ ~~~~~~~~~~~~~~~~~~~~~~~~
~~~~~~~~~~~~~~~~~~~~~~~~~~
~~~~~~~~~~~~~~~~~~~
    + CategoryInfo        
      : NotSpecified: (2  
  026-04-03 00:4...ment   
  modules...:String) [    
], RemoteException
    + FullyQualifiedError 
   Id : NativeCommandErr  
  or
 

C:\Users\Yasmine\anaconda3
\Lib\site-packages\sklearn
\base.py:347: Inconsistent
VersionWarning: Trying to 
unpickle estimator 
TfidfTransformer from 
version 1.7.2 when using 
version 1.3.0. This might 
lead to breaking code or 
invalid results. Use at 
your own risk. For more 
info please refer to:

https://scikit-learn.org/s
table/model_persistence.ht
ml#security-maintainabilit
y-limitations

  warnings.warn(

C:\Users\Yasmine\anaconda3
\Lib\site-packages\sklearn
\base.py:347: Inconsistent
VersionWarning: Trying to 
unpickle estimator 
TfidfVectorizer from 
version 1.7.2 when using 
version 1.3.0. This might 
lead to breaking code or 
invalid results. Use at 
your own risk. For more 
info please refer to:

https://scikit-learn.org/s
table/model_persistence.ht
ml#security-maintainabilit
y-limitations

  warnings.warn(

C:\Users\Yasmine\anaconda3
\Lib\site-packages\sklearn
\base.py:347: Inconsistent
VersionWarning: Trying to 
unpickle estimator 
LogisticRegression from 
version 1.7.2 when using 
version 1.3.0. This might 
lead to breaking code or 
invalid results. Use at 
your own risk. For more 
info please refer to:

https://scikit-learn.org/s
table/model_persistence.ht
ml#security-maintainabilit
y-limitations

  warnings.warn(

2026-04-03 00:45:31,817 
[INFO] 
modules.ml_predictor: 
\u2705 ModÞles TF-IDF 
chargÚs depuis 'C:\Users\Y
asmine\Desktop\PFE\pfe\PFE
\models'

2026-04-03 00:45:31,819 
[INFO] modules.nlu: NLU 
\u2192 Mode ML actif 
(modÞles ML.ipynb 
chargÚs).

Disabling PyTorch because 
PyTorch >= 2.4 is 
required but found 
2.1.0+cpu

PyTorch was not found. 
Models won't be available 
and only tokenizers, 
configuration and 
file/data utilities can 
be used.

Traceback (most recent 
call last):

  File "C:\Users\Yasmine\D
esktop\PFE\pfe\PFE\modules
\response_engine.py", 
line 59, in 
_load_embedding_model

    from 
sentence_transformers 
import SentenceTransformer

  File "C:\Users\Yasmine\a
naconda3\Lib\site-packages
\sentence_transformers\__i
nit__.py", line 15, in 
<module>

    from sentence_transfor
mers.cross_encoder import 
(

  File "C:\Users\Yasmine\a
naconda3\Lib\site-packages
\sentence_transformers\cro
ss_encoder\__init__.py", 
line 3, in <module>

    from .CrossEncoder 
import CrossEncoder

  File "C:\Users\Yasmine\a
naconda3\Lib\site-packages
\sentence_transformers\cro
ss_encoder\CrossEncoder.py
", line 35, in <module>

    from sentence_transfor
mers.cross_encoder.fit_mix
in import FitMixin

  File "C:\Users\Yasmine\a
naconda3\Lib\site-packages
\sentence_transformers\cro
ss_encoder\fit_mixin.py", 
line 16, in <module>

    from transformers 
import TrainerCallback, 
TrainerControl, 
TrainerState, 
is_torch_npu_available

  File "<frozen 
importlib._bootstrap>", 
line 1229, in 
_handle_fromlist

  File "C:\Users\Yasmine\a
naconda3\Lib\site-packages
\transformers\utils\import
_utils.py", line 2096, in 
__getattr__

    module = self._get_mod
ule(self._class_to_module[
name])

             ^^^^^^^^^^^^^
^^^^^^^^^^^^^^^^^^^^^^^^^^
^^^^^^

  File "C:\Users\Yasmine\a
naconda3\Lib\site-packages
\transformers\utils\import
_utils.py", line 2290, in 
_get_module

    raise e

  File "C:\Users\Yasmine\a
naconda3\Lib\site-packages
\transformers\utils\import
_utils.py", line 2288, in 
_get_module

    return importlib.impor
t_module("." + 
module_name, 
self.__name__)

           ^^^^^^^^^^^^^^^
^^^^^^^^^^^^^^^^^^^^^^^^^^
^^^^^^^^^^^^^^^^

  File "C:\Users\Yasmine\a
naconda3\Lib\importlib\__i
nit__.py", line 126, in 
import_module

    return _bootstrap._gcd
_import(name[level:], 
package, level)

           ^^^^^^^^^^^^^^^
^^^^^^^^^^^^^^^^^^^^^^^^^^
^^^^^^^^^^^

  File "C:\Users\Yasmine\a
naconda3\Lib\site-packages
\transformers\trainer_call
back.py", line 27, in 
<module>

    from .training_args 
import TrainingArguments

  File "C:\Users\Yasmine\a
naconda3\Lib\site-packages
\transformers\training_arg
s.py", line 71, in 
<module>

    from 
.trainer_pt_utils import 
AcceleratorConfig

  File "C:\Users\Yasmine\a
naconda3\Lib\site-packages
\transformers\trainer_pt_u
tils.py", line 1270, in 
<module>

    class LayerWiseDummySc
heduler(LRScheduler):

                          
        ^^^^^^^^^^^

NameError: name 
'LRScheduler' is not 
defined



During handling of the 
above exception, another 
exception occurred:



Traceback (most recent 
call last):

  File "C:\Users\Yasmine\D
esktop\PFE\pfe\PFE\app.py"
, line 38, in <module>

    response_eng   = 
ResponseEngine(Config)

                     
^^^^^^^^^^^^^^^^^^^^^^

  File "C:\Users\Yasmine\D
esktop\PFE\pfe\PFE\modules
\response_engine.py", 
line 51, in __init__

    self._load_embedding_m
odel()

  File "C:\Users\Yasmine\D
esktop\PFE\pfe\PFE\modules
\response_engine.py", 
line 66, in 
_load_embedding_model

    raise 
RuntimeError(f"Erreur 
chargement embedding: 
{e}")

RuntimeError: Erreur 
chargement embedding: 
name 'LRScheduler' is not 
defined


ERROR conda.cli.main_run:e
xecute(49): `conda run 
python app.py` failed. 
(See above for error)
