2026-04-02 12:38:52,856 [INFO] __main__: Construction forcée de l'index RAG...
2026-04-02 12:39:31,353 [INFO] modules.response_engine: Chargement modèle embedding: sentence-transformers/paraphrase-multilingual-MiniLM-L12-v2
2026-04-02 12:39:32,175 [INFO] httpx: HTTP Request: HEAD https://huggingface.co/sentence-transformers/paraphrase-multilingual-MiniLM-L12-v2/resolve/main/modules.json "HTTP/1.1 307 Temporary Redirect"
2026-04-02 12:39:32,232 [INFO] httpx: HTTP Request: HEAD https://huggingface.co/api/resolve-cache/models/sentence-transformers/paraphrase-multilingual-MiniLM-L12-v2/e8f8c211226b894fcb81acc59f3b34ba3efd5f42/modules.json "HTTP/1.1 200 OK"
2026-04-02 12:39:32,363 [INFO] httpx: HTTP Request: GET https://huggingface.co/api/resolve-cache/models/sentence-transformers/paraphrase-multilingual-MiniLM-L12-v2/e8f8c211226b894fcb81acc59f3b34ba3efd5f42/modules.json "HTTP/1.1 200 OK"
2026-04-02 12:39:32,526 [INFO] httpx: HTTP Request: HEAD https://huggingface.co/sentence-transformers/paraphrase-multilingual-MiniLM-L12-v2/resolve/main/config_sentence_transformers.json "HTTP/1.1 307 Temporary Redirect"
2026-04-02 12:39:32,584 [INFO] httpx: HTTP Request: HEAD https://huggingface.co/api/resolve-cache/models/sentence-transformers/paraphrase-multilingual-MiniLM-L12-v2/e8f8c211226b894fcb81acc59f3b34ba3efd5f42/config_sentence_transformers.json "HTTP/1.1 200 OK"
2026-04-02 12:39:32,697 [INFO] httpx: HTTP Request: GET https://huggingface.co/api/resolve-cache/models/sentence-transformers/paraphrase-multilingual-MiniLM-L12-v2/e8f8c211226b894fcb81acc59f3b34ba3efd5f42/config_sentence_transformers.json "HTTP/1.1 200 OK"
2026-04-02 12:39:32,920 [INFO] httpx: HTTP Request: HEAD https://huggingface.co/sentence-transformers/paraphrase-multilingual-MiniLM-L12-v2/resolve/main/config_sentence_transformers.json "HTTP/1.1 307 Temporary Redirect"
2026-04-02 12:39:32,985 [INFO] httpx: HTTP Request: HEAD https://huggingface.co/api/resolve-cache/models/sentence-transformers/paraphrase-multilingual-MiniLM-L12-v2/e8f8c211226b894fcb81acc59f3b34ba3efd5f42/config_sentence_transformers.json "HTTP/1.1 200 OK"
2026-04-02 12:39:33,150 [INFO] httpx: HTTP Request: HEAD https://huggingface.co/sentence-transformers/paraphrase-multilingual-MiniLM-L12-v2/resolve/main/README.md "HTTP/1.1 307 Temporary Redirect"
2026-04-02 12:39:33,152 [WARNING] huggingface_hub.utils._http: Warning: You are sending unauthenticated requests to the HF Hub. Please set a HF_TOKEN to enable higher rate limits and faster downloads.
2026-04-02 12:39:33,203 [INFO] httpx: HTTP Request: HEAD https://huggingface.co/api/resolve-cache/models/sentence-transformers/paraphrase-multilingual-MiniLM-L12-v2/e8f8c211226b894fcb81acc59f3b34ba3efd5f42/README.md "HTTP/1.1 200 OK"
2026-04-02 12:39:33,320 [INFO] httpx: HTTP Request: GET https://huggingface.co/api/resolve-cache/models/sentence-transformers/paraphrase-multilingual-MiniLM-L12-v2/e8f8c211226b894fcb81acc59f3b34ba3efd5f42/README.md "HTTP/1.1 200 OK"
2026-04-02 12:39:33,522 [INFO] httpx: HTTP Request: HEAD https://huggingface.co/sentence-transformers/paraphrase-multilingual-MiniLM-L12-v2/resolve/main/modules.json "HTTP/1.1 307 Temporary Redirect"
2026-04-02 12:39:33,587 [INFO] httpx: HTTP Request: HEAD https://huggingface.co/api/resolve-cache/models/sentence-transformers/paraphrase-multilingual-MiniLM-L12-v2/e8f8c211226b894fcb81acc59f3b34ba3efd5f42/modules.json "HTTP/1.1 200 OK"
2026-04-02 12:39:33,841 [INFO] httpx: HTTP Request: HEAD https://huggingface.co/sentence-transformers/paraphrase-multilingual-MiniLM-L12-v2/resolve/main/sentence_bert_config.json "HTTP/1.1 307 Temporary Redirect"
2026-04-02 12:39:33,905 [INFO] httpx: HTTP Request: HEAD https://huggingface.co/api/resolve-cache/models/sentence-transformers/paraphrase-multilingual-MiniLM-L12-v2/e8f8c211226b894fcb81acc59f3b34ba3efd5f42/sentence_bert_config.json "HTTP/1.1 200 OK"
2026-04-02 12:39:33,967 [INFO] httpx: HTTP Request: GET https://huggingface.co/api/resolve-cache/models/sentence-transformers/paraphrase-multilingual-MiniLM-L12-v2/e8f8c211226b894fcb81acc59f3b34ba3efd5f42/sentence_bert_config.json "HTTP/1.1 200 OK"
2026-04-02 12:39:34,163 [INFO] httpx: HTTP Request: HEAD https://huggingface.co/sentence-transformers/paraphrase-multilingual-MiniLM-L12-v2/resolve/main/adapter_config.json "HTTP/1.1 404 Not Found"
2026-04-02 12:39:34,354 [INFO] httpx: HTTP Request: HEAD https://huggingface.co/sentence-transformers/paraphrase-multilingual-MiniLM-L12-v2/resolve/main/config.json "HTTP/1.1 307 Temporary Redirect"
2026-04-02 12:39:34,403 [INFO] httpx: HTTP Request: HEAD https://huggingface.co/api/resolve-cache/models/sentence-transformers/paraphrase-multilingual-MiniLM-L12-v2/e8f8c211226b894fcb81acc59f3b34ba3efd5f42/config.json "HTTP/1.1 200 OK"
2026-04-02 12:39:34,464 [INFO] httpx: HTTP Request: GET https://huggingface.co/api/resolve-cache/models/sentence-transformers/paraphrase-multilingual-MiniLM-L12-v2/e8f8c211226b894fcb81acc59f3b34ba3efd5f42/config.json "HTTP/1.1 200 OK"
2026-04-02 12:39:34,765 [INFO] httpx: HTTP Request: HEAD https://huggingface.co/sentence-transformers/paraphrase-multilingual-MiniLM-L12-v2/resolve/main/model.safetensors "HTTP/1.1 302 Found"
2026-04-02 12:39:35,075 [INFO] httpx: HTTP Request: GET https://huggingface.co/api/models/sentence-transformers/paraphrase-multilingual-MiniLM-L12-v2/xet-read-token/e8f8c211226b894fcb81acc59f3b34ba3efd5f42 "HTTP/1.1 200 OK"
2026-04-02 12:41:19,439 [INFO] httpx: HTTP Request: HEAD https://huggingface.co/sentence-transformers/paraphrase-multilingual-MiniLM-L12-v2/resolve/main/config.json "HTTP/1.1 307 Temporary Redirect"
2026-04-02 12:41:19,493 [INFO] httpx: HTTP Request: HEAD https://huggingface.co/api/resolve-cache/models/sentence-transformers/paraphrase-multilingual-MiniLM-L12-v2/e8f8c211226b894fcb81acc59f3b34ba3efd5f42/config.json "HTTP/1.1 200 OK"
2026-04-02 12:41:19,657 [INFO] httpx: HTTP Request: HEAD https://huggingface.co/sentence-transformers/paraphrase-multilingual-MiniLM-L12-v2/resolve/main/tokenizer_config.json "HTTP/1.1 307 Temporary Redirect"
2026-04-02 12:41:19,711 [INFO] httpx: HTTP Request: HEAD https://huggingface.co/api/resolve-cache/models/sentence-transformers/paraphrase-multilingual-MiniLM-L12-v2/e8f8c211226b894fcb81acc59f3b34ba3efd5f42/tokenizer_config.json "HTTP/1.1 200 OK"
2026-04-02 12:41:19,776 [INFO] httpx: HTTP Request: GET https://huggingface.co/api/resolve-cache/models/sentence-transformers/paraphrase-multilingual-MiniLM-L12-v2/e8f8c211226b894fcb81acc59f3b34ba3efd5f42/tokenizer_config.json "HTTP/1.1 200 OK"
2026-04-02 12:41:19,980 [INFO] httpx: HTTP Request: HEAD https://huggingface.co/sentence-transformers/paraphrase-multilingual-MiniLM-L12-v2/resolve/main/tokenizer_config.json "HTTP/1.1 307 Temporary Redirect"
2026-04-02 12:41:20,031 [INFO] httpx: HTTP Request: HEAD https://huggingface.co/api/resolve-cache/models/sentence-transformers/paraphrase-multilingual-MiniLM-L12-v2/e8f8c211226b894fcb81acc59f3b34ba3efd5f42/tokenizer_config.json "HTTP/1.1 200 OK"
2026-04-02 12:41:20,191 [INFO] httpx: HTTP Request: GET https://huggingface.co/api/models/sentence-transformers/paraphrase-multilingual-MiniLM-L12-v2/tree/main/additional_chat_templates?recursive=false&expand=false "HTTP/1.1 404 Not Found"
2026-04-02 12:41:20,436 [INFO] httpx: HTTP Request: GET https://huggingface.co/api/models/sentence-transformers/paraphrase-multilingual-MiniLM-L12-v2/tree/main?recursive=true&expand=false "HTTP/1.1 200 OK"
2026-04-02 12:41:20,642 [INFO] httpx: HTTP Request: HEAD https://huggingface.co/sentence-transformers/paraphrase-multilingual-MiniLM-L12-v2/resolve/main/tokenizer.json "HTTP/1.1 302 Found"
2026-04-02 12:41:23,104 [INFO] httpx: HTTP Request: HEAD https://huggingface.co/sentence-transformers/paraphrase-multilingual-MiniLM-L12-v2/resolve/main/tokenizer.model "HTTP/1.1 404 Not Found"
2026-04-02 12:41:23,615 [INFO] httpx: HTTP Request: HEAD https://huggingface.co/sentence-transformers/paraphrase-multilingual-MiniLM-L12-v2/resolve/main/added_tokens.json "HTTP/1.1 404 Not Found"
2026-04-02 12:41:23,816 [INFO] httpx: HTTP Request: HEAD https://huggingface.co/sentence-transformers/paraphrase-multilingual-MiniLM-L12-v2/resolve/main/special_tokens_map.json "HTTP/1.1 307 Temporary Redirect"
2026-04-02 12:41:23,858 [INFO] httpx: HTTP Request: HEAD https://huggingface.co/api/resolve-cache/models/sentence-transformers/paraphrase-multilingual-MiniLM-L12-v2/e8f8c211226b894fcb81acc59f3b34ba3efd5f42/special_tokens_map.json "HTTP/1.1 200 OK"
2026-04-02 12:41:23,904 [INFO] httpx: HTTP Request: GET https://huggingface.co/api/resolve-cache/models/sentence-transformers/paraphrase-multilingual-MiniLM-L12-v2/e8f8c211226b894fcb81acc59f3b34ba3efd5f42/special_tokens_map.json "HTTP/1.1 200 OK"
2026-04-02 12:41:24,069 [INFO] httpx: HTTP Request: HEAD https://huggingface.co/sentence-transformers/paraphrase-multilingual-MiniLM-L12-v2/resolve/main/chat_template.jinja "HTTP/1.1 404 Not Found"
2026-04-02 12:41:26,545 [INFO] httpx: HTTP Request: GET https://huggingface.co/api/models/sentence-transformers/paraphrase-multilingual-MiniLM-L12-v2 "HTTP/1.1 200 OK"
2026-04-02 12:41:26,991 [INFO] httpx: HTTP Request: HEAD https://huggingface.co/sentence-transformers/paraphrase-multilingual-MiniLM-L12-v2/resolve/main/1_Pooling/config.json "HTTP/1.1 307 Temporary Redirect"
2026-04-02 12:41:27,030 [INFO] httpx: HTTP Request: HEAD https://huggingface.co/api/resolve-cache/models/sentence-transformers/paraphrase-multilingual-MiniLM-L12-v2/e8f8c211226b894fcb81acc59f3b34ba3efd5f42/1_Pooling%2Fconfig.json "HTTP/1.1 200 OK"
2026-04-02 12:41:27,090 [INFO] httpx: HTTP Request: GET https://huggingface.co/api/resolve-cache/models/sentence-transformers/paraphrase-multilingual-MiniLM-L12-v2/e8f8c211226b894fcb81acc59f3b34ba3efd5f42/1_Pooling%2Fconfig.json "HTTP/1.1 200 OK"
2026-04-02 12:41:27,289 [INFO] httpx: HTTP Request: GET https://huggingface.co/api/models/sentence-transformers/paraphrase-multilingual-MiniLM-L12-v2 "HTTP/1.1 200 OK"
2026-04-02 12:41:27,306 [INFO] modules.response_engine: Modèle embedding chargé.
2026-04-02 12:41:27,307 [INFO] modules.response_engine: Index FAISS absent — construction depuis le dataset...
2026-04-02 12:41:28,186 [INFO] modules.response_engine: Dataset chargé: 6656 entrées valides.
2026-04-02 12:41:28,186 [INFO] modules.response_engine: Encodage de 6656 conversations...
2026-04-02 12:41:28,640 [INFO] modules.response_engine:   0/6656 encodés...
2026-04-02 12:42:04,558 [INFO] modules.response_engine: Index FAISS construit et sauvegardé — 6656 vecteurs.
2026-04-02 12:42:04,559 [INFO] modules.response_engine: Rechargement de l'index RAG avec nouvelles données...
2026-04-02 12:42:04,634 [INFO] modules.response_engine: Dataset chargé: 6656 entrées valides.
2026-04-02 12:42:04,641 [INFO] modules.response_engine: Encodage de 6656 conversations...
2026-04-02 12:42:05,003 [INFO] modules.response_engine:   0/6656 encodés...
2026-04-02 12:42:40,820 [INFO] modules.response_engine: Index FAISS construit et sauvegardé — 6656 vecteurs.
2026-04-02 12:42:40,822 [INFO] modules.response_engine: Index RAG rechargé avec succès.
2026-04-02 12:42:40,822 [INFO] __main__: Index construit avec succès.
2026-04-02 12:43:30,257 [INFO] __main__: Mode TEXTE activé (debug)
2026-04-02 12:43:30,257 [INFO] modules.learning: LearningModule initialisé — 0 interactions apprises.
2026-04-02 12:43:31,397 [INFO] modules.tts: TTS initialisé — moteur: gtts
2026-04-02 12:43:31,398 [WARNING] modules.nlu: NLU → Mode règles regex (modèles ML.ipynb non disponibles).
2026-04-02 12:43:36,515 [INFO] modules.response_engine: Chargement modèle embedding: sentence-transformers/paraphrase-multilingual-MiniLM-L12-v2
2026-04-02 12:43:37,175 [INFO] httpx: HTTP Request: HEAD https://huggingface.co/sentence-transformers/paraphrase-multilingual-MiniLM-L12-v2/resolve/main/modules.json "HTTP/1.1 307 Temporary Redirect"
2026-04-02 12:43:37,299 [INFO] httpx: HTTP Request: HEAD https://huggingface.co/api/resolve-cache/models/sentence-transformers/paraphrase-multilingual-MiniLM-L12-v2/e8f8c211226b894fcb81acc59f3b34ba3efd5f42/modules.json "HTTP/1.1 200 OK"
2026-04-02 12:43:37,446 [INFO] httpx: HTTP Request: HEAD https://huggingface.co/sentence-transformers/paraphrase-multilingual-MiniLM-L12-v2/resolve/main/config_sentence_transformers.json "HTTP/1.1 307 Temporary Redirect"
2026-04-02 12:43:37,448 [WARNING] huggingface_hub.utils._http: Warning: You are sending unauthenticated requests to the HF Hub. Please set a HF_TOKEN to enable higher rate limits and faster downloads.
2026-04-02 12:43:37,513 [INFO] httpx: HTTP Request: HEAD https://huggingface.co/api/resolve-cache/models/sentence-transformers/paraphrase-multilingual-MiniLM-L12-v2/e8f8c211226b894fcb81acc59f3b34ba3efd5f42/config_sentence_transformers.json "HTTP/1.1 200 OK"
2026-04-02 12:43:37,702 [INFO] httpx: HTTP Request: HEAD https://huggingface.co/sentence-transformers/paraphrase-multilingual-MiniLM-L12-v2/resolve/main/config_sentence_transformers.json "HTTP/1.1 307 Temporary Redirect"
2026-04-02 12:43:38,030 [INFO] httpx: HTTP Request: HEAD https://huggingface.co/api/resolve-cache/models/sentence-transformers/paraphrase-multilingual-MiniLM-L12-v2/e8f8c211226b894fcb81acc59f3b34ba3efd5f42/config_sentence_transformers.json "HTTP/1.1 200 OK"
2026-04-02 12:43:38,173 [INFO] httpx: HTTP Request: HEAD https://huggingface.co/sentence-transformers/paraphrase-multilingual-MiniLM-L12-v2/resolve/main/README.md "HTTP/1.1 307 Temporary Redirect"
2026-04-02 12:43:38,221 [INFO] httpx: HTTP Request: HEAD https://huggingface.co/api/resolve-cache/models/sentence-transformers/paraphrase-multilingual-MiniLM-L12-v2/e8f8c211226b894fcb81acc59f3b34ba3efd5f42/README.md "HTTP/1.1 200 OK"
2026-04-02 12:43:38,367 [INFO] httpx: HTTP Request: HEAD https://huggingface.co/sentence-transformers/paraphrase-multilingual-MiniLM-L12-v2/resolve/main/modules.json "HTTP/1.1 307 Temporary Redirect"
2026-04-02 12:43:38,407 [INFO] httpx: HTTP Request: HEAD https://huggingface.co/api/resolve-cache/models/sentence-transformers/paraphrase-multilingual-MiniLM-L12-v2/e8f8c211226b894fcb81acc59f3b34ba3efd5f42/modules.json "HTTP/1.1 200 OK"
2026-04-02 12:43:38,557 [INFO] httpx: HTTP Request: HEAD https://huggingface.co/sentence-transformers/paraphrase-multilingual-MiniLM-L12-v2/resolve/main/sentence_bert_config.json "HTTP/1.1 307 Temporary Redirect"
2026-04-02 12:43:39,681 [INFO] httpx: HTTP Request: HEAD https://huggingface.co/api/resolve-cache/models/sentence-transformers/paraphrase-multilingual-MiniLM-L12-v2/e8f8c211226b894fcb81acc59f3b34ba3efd5f42/sentence_bert_config.json "HTTP/1.1 200 OK"
2026-04-02 12:43:39,844 [INFO] httpx: HTTP Request: HEAD https://huggingface.co/sentence-transformers/paraphrase-multilingual-MiniLM-L12-v2/resolve/main/adapter_config.json "HTTP/1.1 404 Not Found"
2026-04-02 12:43:39,999 [INFO] httpx: HTTP Request: HEAD https://huggingface.co/sentence-transformers/paraphrase-multilingual-MiniLM-L12-v2/resolve/main/config.json "HTTP/1.1 307 Temporary Redirect"
2026-04-02 12:43:40,046 [INFO] httpx: HTTP Request: HEAD https://huggingface.co/api/resolve-cache/models/sentence-transformers/paraphrase-multilingual-MiniLM-L12-v2/e8f8c211226b894fcb81acc59f3b34ba3efd5f42/config.json "HTTP/1.1 200 OK"
2026-04-02 12:43:40,302 [INFO] httpx: HTTP Request: HEAD https://huggingface.co/sentence-transformers/paraphrase-multilingual-MiniLM-L12-v2/resolve/main/config.json "HTTP/1.1 307 Temporary Redirect"
2026-04-02 12:43:40,355 [INFO] httpx: HTTP Request: HEAD https://huggingface.co/api/resolve-cache/models/sentence-transformers/paraphrase-multilingual-MiniLM-L12-v2/e8f8c211226b894fcb81acc59f3b34ba3efd5f42/config.json "HTTP/1.1 200 OK"
2026-04-02 12:43:40,512 [INFO] httpx: HTTP Request: HEAD https://huggingface.co/sentence-transformers/paraphrase-multilingual-MiniLM-L12-v2/resolve/main/tokenizer_config.json "HTTP/1.1 307 Temporary Redirect"
2026-04-02 12:43:40,576 [INFO] httpx: HTTP Request: HEAD https://huggingface.co/api/resolve-cache/models/sentence-transformers/paraphrase-multilingual-MiniLM-L12-v2/e8f8c211226b894fcb81acc59f3b34ba3efd5f42/tokenizer_config.json "HTTP/1.1 200 OK"
2026-04-02 12:43:40,753 [INFO] httpx: HTTP Request: HEAD https://huggingface.co/sentence-transformers/paraphrase-multilingual-MiniLM-L12-v2/resolve/main/tokenizer_config.json "HTTP/1.1 307 Temporary Redirect"
2026-04-02 12:43:40,798 [INFO] httpx: HTTP Request: HEAD https://huggingface.co/api/resolve-cache/models/sentence-transformers/paraphrase-multilingual-MiniLM-L12-v2/e8f8c211226b894fcb81acc59f3b34ba3efd5f42/tokenizer_config.json "HTTP/1.1 200 OK"
2026-04-02 12:43:40,964 [INFO] httpx: HTTP Request: GET https://huggingface.co/api/models/sentence-transformers/paraphrase-multilingual-MiniLM-L12-v2/tree/main/additional_chat_templates?recursive=false&expand=false "HTTP/1.1 404 Not Found"
2026-04-02 12:43:41,122 [INFO] httpx: HTTP Request: GET https://huggingface.co/api/models/sentence-transformers/paraphrase-multilingual-MiniLM-L12-v2/tree/main?recursive=true&expand=false "HTTP/1.1 200 OK"
2026-04-02 12:43:42,458 [INFO] httpx: HTTP Request: GET https://huggingface.co/api/models/sentence-transformers/paraphrase-multilingual-MiniLM-L12-v2 "HTTP/1.1 200 OK"
2026-04-02 12:43:42,922 [INFO] httpx: HTTP Request: HEAD https://huggingface.co/sentence-transformers/paraphrase-multilingual-MiniLM-L12-v2/resolve/main/1_Pooling/config.json "HTTP/1.1 307 Temporary Redirect"
2026-04-02 12:43:42,980 [INFO] httpx: HTTP Request: HEAD https://huggingface.co/api/resolve-cache/models/sentence-transformers/paraphrase-multilingual-MiniLM-L12-v2/e8f8c211226b894fcb81acc59f3b34ba3efd5f42/1_Pooling%2Fconfig.json "HTTP/1.1 200 OK"
2026-04-02 12:43:43,240 [INFO] httpx: HTTP Request: GET https://huggingface.co/api/models/sentence-transformers/paraphrase-multilingual-MiniLM-L12-v2 "HTTP/1.1 200 OK"
2026-04-02 12:43:43,249 [INFO] modules.response_engine: Modèle embedding chargé.
2026-04-02 12:43:43,324 [INFO] modules.response_engine: Index FAISS chargé — 6656 vecteurs.
2026-04-02 12:43:43,325 [INFO] modules.human_transfer: HumanTransfer initialisé.
2026-04-02 12:44:53,471 [INFO] __main__: =======================================================
2026-04-02 12:44:53,471 [INFO] __main__:   VoiceBot Tunisie Telecom — Initialisation
2026-04-02 12:44:53,472 [INFO] __main__: =======================================================
2026-04-02 12:44:53,472 [INFO] __main__: [1/7] Module d'apprentissage...
2026-04-02 12:44:53,473 [INFO] modules.learning: LearningModule initialisé — 0 interactions apprises.
2026-04-02 12:44:53,473 [INFO] __main__: [2/7] Module TTS (Text-to-Speech)...
2026-04-02 12:44:53,677 [INFO] modules.tts: TTS initialisé — moteur: gtts
2026-04-02 12:44:53,677 [INFO] __main__: [3/7] Module STT (Whisper)...
2026-04-02 12:44:58,413 [INFO] modules.stt: Chargement Whisper 'medium' sur cpu...
2026-04-02 12:44:58,882 [INFO] httpx: HTTP Request: GET https://huggingface.co/api/models/Systran/faster-whisper-medium/revision/main "HTTP/1.1 200 OK"
2026-04-02 12:44:59,053 [INFO] httpx: HTTP Request: HEAD https://huggingface.co/Systran/faster-whisper-medium/resolve/08e178d48790749d25932bbc082711ddcfdfbc4f/config.json "HTTP/1.1 307 Temporary Redirect"
2026-04-02 12:44:59,097 [INFO] httpx: HTTP Request: HEAD https://huggingface.co/api/resolve-cache/models/Systran/faster-whisper-medium/08e178d48790749d25932bbc082711ddcfdfbc4f/config.json "HTTP/1.1 200 OK"
2026-04-02 12:44:59,141 [INFO] httpx: HTTP Request: GET https://huggingface.co/api/resolve-cache/models/Systran/faster-whisper-medium/08e178d48790749d25932bbc082711ddcfdfbc4f/config.json "HTTP/1.1 200 OK"
2026-04-02 12:44:59,146 [INFO] httpx: HTTP Request: HEAD https://huggingface.co/Systran/faster-whisper-medium/resolve/08e178d48790749d25932bbc082711ddcfdfbc4f/model.bin "HTTP/1.1 302 Found"
2026-04-02 12:44:59,146 [WARNING] huggingface_hub.utils._http: Warning: You are sending unauthenticated requests to the HF Hub. Please set a HF_TOKEN to enable higher rate limits and faster downloads.
2026-04-02 12:44:59,178 [INFO] httpx: HTTP Request: HEAD https://huggingface.co/Systran/faster-whisper-medium/resolve/08e178d48790749d25932bbc082711ddcfdfbc4f/vocabulary.txt "HTTP/1.1 307 Temporary Redirect"
2026-04-02 12:44:59,181 [INFO] httpx: HTTP Request: HEAD https://huggingface.co/Systran/faster-whisper-medium/resolve/08e178d48790749d25932bbc082711ddcfdfbc4f/tokenizer.json "HTTP/1.1 307 Temporary Redirect"
2026-04-02 12:44:59,218 [INFO] httpx: HTTP Request: HEAD https://huggingface.co/api/resolve-cache/models/Systran/faster-whisper-medium/08e178d48790749d25932bbc082711ddcfdfbc4f/vocabulary.txt "HTTP/1.1 200 OK"
2026-04-02 12:44:59,231 [INFO] httpx: HTTP Request: HEAD https://huggingface.co/api/resolve-cache/models/Systran/faster-whisper-medium/08e178d48790749d25932bbc082711ddcfdfbc4f/tokenizer.json "HTTP/1.1 200 OK"
2026-04-02 12:44:59,271 [INFO] httpx: HTTP Request: GET https://huggingface.co/api/resolve-cache/models/Systran/faster-whisper-medium/08e178d48790749d25932bbc082711ddcfdfbc4f/vocabulary.txt "HTTP/1.1 200 OK"
2026-04-02 12:44:59,272 [INFO] httpx: HTTP Request: GET https://huggingface.co/api/resolve-cache/models/Systran/faster-whisper-medium/08e178d48790749d25932bbc082711ddcfdfbc4f/tokenizer.json "HTTP/1.1 200 OK"
2026-04-02 12:44:59,307 [INFO] httpx: HTTP Request: GET https://huggingface.co/api/models/Systran/faster-whisper-medium/xet-read-token/08e178d48790749d25932bbc082711ddcfdfbc4f "HTTP/1.1 200 OK"
2026-04-02 12:49:27,516 [INFO] modules.stt: Whisper chargé avec succès.
2026-04-02 12:49:27,517 [INFO] __main__: [4/6] Module NLU + MLPredictor (modèles ML.ipynb)...
2026-04-02 12:49:29,290 [INFO] modules.ml_predictor: ✅ Tous les modèles ML chargés depuis 'C:\Users\USER\Desktop\pfe\agent_vocal\models'
2026-04-02 12:49:29,292 [INFO] modules.nlu: NLU → Mode ML actif (modèles ML.ipynb chargés).
2026-04-02 12:49:29,292 [INFO] __main__:   ✅ Modèles ML.ipynb actifs (TF-IDF + LogisticRegression)
2026-04-02 12:49:29,292 [INFO] __main__: [5/7] Moteur RAG (construction index si besoin)...
2026-04-02 12:49:30,480 [INFO] modules.response_engine: Chargement modèle embedding: sentence-transformers/paraphrase-multilingual-MiniLM-L12-v2
2026-04-02 12:49:30,846 [INFO] httpx: HTTP Request: HEAD https://huggingface.co/sentence-transformers/paraphrase-multilingual-MiniLM-L12-v2/resolve/main/modules.json "HTTP/1.1 307 Temporary Redirect"
2026-04-02 12:49:30,898 [INFO] httpx: HTTP Request: HEAD https://huggingface.co/api/resolve-cache/models/sentence-transformers/paraphrase-multilingual-MiniLM-L12-v2/e8f8c211226b894fcb81acc59f3b34ba3efd5f42/modules.json "HTTP/1.1 200 OK"
2026-04-02 12:49:31,045 [INFO] httpx: HTTP Request: HEAD https://huggingface.co/sentence-transformers/paraphrase-multilingual-MiniLM-L12-v2/resolve/main/config_sentence_transformers.json "HTTP/1.1 307 Temporary Redirect"
2026-04-02 12:49:31,090 [INFO] httpx: HTTP Request: HEAD https://huggingface.co/api/resolve-cache/models/sentence-transformers/paraphrase-multilingual-MiniLM-L12-v2/e8f8c211226b894fcb81acc59f3b34ba3efd5f42/config_sentence_transformers.json "HTTP/1.1 200 OK"
2026-04-02 12:49:31,269 [INFO] httpx: HTTP Request: HEAD https://huggingface.co/sentence-transformers/paraphrase-multilingual-MiniLM-L12-v2/resolve/main/config_sentence_transformers.json "HTTP/1.1 307 Temporary Redirect"
2026-04-02 12:49:31,326 [INFO] httpx: HTTP Request: HEAD https://huggingface.co/api/resolve-cache/models/sentence-transformers/paraphrase-multilingual-MiniLM-L12-v2/e8f8c211226b894fcb81acc59f3b34ba3efd5f42/config_sentence_transformers.json "HTTP/1.1 200 OK"
2026-04-02 12:49:31,482 [INFO] httpx: HTTP Request: HEAD https://huggingface.co/sentence-transformers/paraphrase-multilingual-MiniLM-L12-v2/resolve/main/README.md "HTTP/1.1 307 Temporary Redirect"
2026-04-02 12:49:31,534 [INFO] httpx: HTTP Request: HEAD https://huggingface.co/api/resolve-cache/models/sentence-transformers/paraphrase-multilingual-MiniLM-L12-v2/e8f8c211226b894fcb81acc59f3b34ba3efd5f42/README.md "HTTP/1.1 200 OK"
2026-04-02 12:49:31,683 [INFO] httpx: HTTP Request: HEAD https://huggingface.co/sentence-transformers/paraphrase-multilingual-MiniLM-L12-v2/resolve/main/modules.json "HTTP/1.1 307 Temporary Redirect"
2026-04-02 12:49:31,740 [INFO] httpx: HTTP Request: HEAD https://huggingface.co/api/resolve-cache/models/sentence-transformers/paraphrase-multilingual-MiniLM-L12-v2/e8f8c211226b894fcb81acc59f3b34ba3efd5f42/modules.json "HTTP/1.1 200 OK"
2026-04-02 12:49:31,890 [INFO] httpx: HTTP Request: HEAD https://huggingface.co/sentence-transformers/paraphrase-multilingual-MiniLM-L12-v2/resolve/main/sentence_bert_config.json "HTTP/1.1 307 Temporary Redirect"
2026-04-02 12:49:31,942 [INFO] httpx: HTTP Request: HEAD https://huggingface.co/api/resolve-cache/models/sentence-transformers/paraphrase-multilingual-MiniLM-L12-v2/e8f8c211226b894fcb81acc59f3b34ba3efd5f42/sentence_bert_config.json "HTTP/1.1 200 OK"
2026-04-02 12:49:32,091 [INFO] httpx: HTTP Request: HEAD https://huggingface.co/sentence-transformers/paraphrase-multilingual-MiniLM-L12-v2/resolve/main/adapter_config.json "HTTP/1.1 404 Not Found"
2026-04-02 12:49:32,239 [INFO] httpx: HTTP Request: HEAD https://huggingface.co/sentence-transformers/paraphrase-multilingual-MiniLM-L12-v2/resolve/main/config.json "HTTP/1.1 307 Temporary Redirect"
2026-04-02 12:49:32,283 [INFO] httpx: HTTP Request: HEAD https://huggingface.co/api/resolve-cache/models/sentence-transformers/paraphrase-multilingual-MiniLM-L12-v2/e8f8c211226b894fcb81acc59f3b34ba3efd5f42/config.json "HTTP/1.1 200 OK"
2026-04-02 12:49:32,547 [INFO] httpx: HTTP Request: HEAD https://huggingface.co/sentence-transformers/paraphrase-multilingual-MiniLM-L12-v2/resolve/main/config.json "HTTP/1.1 307 Temporary Redirect"
2026-04-02 12:49:32,597 [INFO] httpx: HTTP Request: HEAD https://huggingface.co/api/resolve-cache/models/sentence-transformers/paraphrase-multilingual-MiniLM-L12-v2/e8f8c211226b894fcb81acc59f3b34ba3efd5f42/config.json "HTTP/1.1 200 OK"
2026-04-02 12:49:32,771 [INFO] httpx: HTTP Request: HEAD https://huggingface.co/sentence-transformers/paraphrase-multilingual-MiniLM-L12-v2/resolve/main/tokenizer_config.json "HTTP/1.1 307 Temporary Redirect"
2026-04-02 12:49:32,821 [INFO] httpx: HTTP Request: HEAD https://huggingface.co/api/resolve-cache/models/sentence-transformers/paraphrase-multilingual-MiniLM-L12-v2/e8f8c211226b894fcb81acc59f3b34ba3efd5f42/tokenizer_config.json "HTTP/1.1 200 OK"
2026-04-02 12:49:32,987 [INFO] httpx: HTTP Request: HEAD https://huggingface.co/sentence-transformers/paraphrase-multilingual-MiniLM-L12-v2/resolve/main/tokenizer_config.json "HTTP/1.1 307 Temporary Redirect"
2026-04-02 12:49:33,046 [INFO] httpx: HTTP Request: HEAD https://huggingface.co/api/resolve-cache/models/sentence-transformers/paraphrase-multilingual-MiniLM-L12-v2/e8f8c211226b894fcb81acc59f3b34ba3efd5f42/tokenizer_config.json "HTTP/1.1 200 OK"
2026-04-02 12:49:33,200 [INFO] httpx: HTTP Request: GET https://huggingface.co/api/models/sentence-transformers/paraphrase-multilingual-MiniLM-L12-v2/tree/main/additional_chat_templates?recursive=false&expand=false "HTTP/1.1 404 Not Found"
2026-04-02 12:49:33,349 [INFO] httpx: HTTP Request: GET https://huggingface.co/api/models/sentence-transformers/paraphrase-multilingual-MiniLM-L12-v2/tree/main?recursive=true&expand=false "HTTP/1.1 200 OK"
2026-04-02 12:49:34,639 [INFO] httpx: HTTP Request: GET https://huggingface.co/api/models/sentence-transformers/paraphrase-multilingual-MiniLM-L12-v2 "HTTP/1.1 200 OK"
2026-04-02 12:49:34,968 [INFO] httpx: HTTP Request: HEAD https://huggingface.co/sentence-transformers/paraphrase-multilingual-MiniLM-L12-v2/resolve/main/1_Pooling/config.json "HTTP/1.1 307 Temporary Redirect"
2026-04-02 12:49:35,022 [INFO] httpx: HTTP Request: HEAD https://huggingface.co/api/resolve-cache/models/sentence-transformers/paraphrase-multilingual-MiniLM-L12-v2/e8f8c211226b894fcb81acc59f3b34ba3efd5f42/1_Pooling%2Fconfig.json "HTTP/1.1 200 OK"
2026-04-02 12:49:35,178 [INFO] httpx: HTTP Request: GET https://huggingface.co/api/models/sentence-transformers/paraphrase-multilingual-MiniLM-L12-v2 "HTTP/1.1 200 OK"
2026-04-02 12:49:35,182 [INFO] modules.response_engine: Modèle embedding chargé.
2026-04-02 12:49:35,270 [INFO] modules.response_engine: Index FAISS chargé — 6656 vecteurs.
2026-04-02 12:49:35,270 [INFO] __main__: [6/7] Module transfert humain...
2026-04-02 12:49:35,271 [INFO] modules.human_transfer: HumanTransfer initialisé.
2026-04-02 12:49:35,271 [INFO] modules.dialog_manager: DialogManager initialisé — session: TT_20260402_124935
2026-04-02 12:49:35,271 [INFO] __main__: =======================================================
2026-04-02 12:49:35,272 [INFO] __main__:   Initialisation terminée — VoiceBot prêt !
2026-04-02 12:49:35,272 [INFO] __main__: =======================================================
2026-04-02 12:49:35,272 [INFO] modules.tts: BOT dit: 'مرحبا بيك في تليكوم تونس! أنا المساعد الآلي، كيفاش نجم نعاونك اليوم؟'
2026-04-02 12:49:44,828 [INFO] modules.stt: En attente de la voix du client...
2026-04-02 12:49:48,068 [INFO] faster_whisper: Processing audio with duration 00:02.880
2026-04-02 12:49:48,274 [INFO] faster_whisper: VAD filter removed 00:02.880 of audio
2026-04-02 12:49:48,283 [INFO] modules.tts: BOT dit: 'ما سمعتك برشا، قادر تعاود تقول؟'
2026-04-02 12:49:54,420 [INFO] modules.stt: En attente de la voix du client...
2026-04-02 12:49:57,536 [INFO] faster_whisper: Processing audio with duration 00:02.880
2026-04-02 12:49:57,541 [INFO] faster_whisper: VAD filter removed 00:02.880 of audio
2026-04-02 12:49:57,543 [INFO] modules.tts: BOT dit: 'ما سمعتك برشا، قادر تعاود تقول؟'
2026-04-02 12:50:02,522 [INFO] modules.stt: En attente de la voix du client...
2026-04-02 12:50:05,633 [INFO] faster_whisper: Processing audio with duration 00:02.880
2026-04-02 12:50:05,638 [INFO] faster_whisper: VAD filter removed 00:02.880 of audio
2026-04-02 12:50:05,639 [INFO] modules.tts: BOT dit: 'ما سمعتكش، نحولك لوكيل بشري.'
2026-04-02 12:50:10,950 [INFO] modules.dialog_manager: Transfert vers agent humain déclenché.
2026-04-02 12:50:10,950 [INFO] modules.tts: BOT dit: 'نحولك لوكيل بشري متخصص، استنى برشا.'
2026-04-02 12:50:17,375 [INFO] modules.human_transfer: Ticket créé: TKT_20260402_125017_124935 | priorité: normale
2026-04-02 12:50:17,375 [INFO] modules.human_transfer: Attente réponse humaine pour ticket TKT_20260402_125017_124935 (timeout: 300s)...
2026-04-02 12:51:09,647 [INFO] modules.dialog_manager: Conversation interrompue (Ctrl+C).
2026-04-02 12:51:09,648 [INFO] modules.tts: BOT dit: 'شكرن على اتصالك بتليكوم تونس، يوم سعيد!'
